{
 "agent": "experiences.fin_de_partie:fin_de_partie:chemin='experiences/modeles/statuts_s3_e2.pt',statuts=True,tours_fin=1,nb_mondes=32,rollout='valeur'",
 "adv": "experiences.statuts:agent_statuts:chemin='experiences/modeles/statuts_s3_e2.pt',poids_statuts=1,poids_valeur=10",
 "donnes": 450,
 "parties": 1350,
 "gain_moyen": 0.09870370370370371,
 "ic99": [
  0.0637037037037037,
  0.135
 ],
 "victoire_seule": 0.3496296296296296,
 "ecart_score_moyen": -1.0777777777777777,
 "par_siege": {
  "0": -0.10611111111111111,
  "1": 0.10555555555555556,
  "2": 0.2966666666666667
 },
 "depart": 6300000,
 "secondes": 855.0026524066925
}
{
 "agent": "experiences.fin_de_partie:fin_de_partie:chemin='experiences/modeles/statuts_s3_e2.pt',statuts=True,tours_fin=1,nb_mondes=32,rollout='valeur'",
 "adv": "experiences.valeur:agent_valeur:chemin='experiences/modeles/meilleur.pt'",
 "donnes": 450,
 "parties": 1350,
 "gain_moyen": 0.046481481481481485,
 "ic99": [
  0.0014814814814814816,
  0.09333333333333334
 ],
 "victoire_seule": 0.3214814814814815,
 "ecart_score_moyen": -1.5614814814814815,
 "par_siege": {
  "0": -0.03944444444444444,
  "1": 0.051111111111111114,
  "2": 0.12777777777777777
 },
 "depart": 6200000,
 "secondes": 831.2664804458618
}
{
 "agent": "experiences.fin_de_partie:fin_de_partie:chemin='experiences/modeles/statuts_s3_e2.pt',statuts=True,tours_fin=1,nb_mondes=32,rollout='valeur'",
 "adv": "experiences.pimc:greedy_rollout",
 "donnes": 300,
 "parties": 900,
 "gain_moyen": 0.4697222222222222,
 "ic99": [
  0.4197222222222222,
  0.5177777777777778
 ],
 "victoire_seule": 0.6077777777777778,
 "ecart_score_moyen": 2.2755555555555556,
 "par_siege": {
  "0": 0.23083333333333333,
  "1": 0.4716666666666667,
  "2": 0.7066666666666667
 },
 "depart": 6000000,
 "secondes": 550.3381555080414
}
